Creating synthetic image...
Running pipeline...
Found 1 grains.
Grain 0:
  Classification: Defect: Perforated/Damaged
  Reasons: ['Has 4 holes', 'Low circularity (0.00)', 'Bad aspect ratio (0.00)', 'Not convex (0.00)', 'Too dark (V=0.0)']
  Convexity: 0.00
  Entropy: 0.00
  Holes: 4
--------------------
